╔══════════════════════════════════════════════════════════════╗
║        SAC Biped Jump — Full Training Pipeline              ║
╠══════════════════════════════════════════════════════════════╣
║  Timesteps per config : 1000000
║  Configs              : config_1, config_2, config_3        ║
║  GPU                  : NVIDIA GeForce RTX 2050
╚══════════════════════════════════════════════════════════════╝

━━━━━━━━━━━━━━━━━━━━━━━━━━━━━━━━━━━━━━━━━━━━━━━━━━━━━━━━━━━━
  [1/3] Training config_1 (Baseline) — 1000000 steps
━━━━━━━━━━━━━━━━━━━━━━━━━━━━━━━━━━━━━━━━━━━━━━━━━━━━━━━━━━━━
pybullet build time: Nov 28 2023 23:45:17
2026-04-15 11:55:39.135347: I tensorflow/core/util/port.cc:153] oneDNN custom operations are on. You may see slightly different numerical results due to floating-point round-off errors from different computation orders. To turn them off, set the environment variable `TF_ENABLE_ONEDNN_OPTS=0`.
2026-04-15 11:55:39.167010: E external/local_xla/xla/stream_executor/cuda/cuda_fft.cc:467] Unable to register cuFFT factory: Attempting to register factory for plugin cuFFT when one has already been registered
WARNING: All log messages before absl::InitializeLog() is called are written to STDERR
E0000 00:00:1776246939.200796    5348 cuda_dnn.cc:8498] Unable to register cuDNN factory: Attempting to register factory for plugin cuDNN when one has already been registered
E0000 00:00:1776246939.209913    5348 cuda_blas.cc:1410] Unable to register cuBLAS factory: Attempting to register factory for plugin cuBLAS when one has already been registered
2026-04-15 11:55:39.241051: I tensorflow/core/platform/cpu_feature_guard.cc:210] This TensorFlow binary is optimized to use available CPU instructions in performance-critical operations.
To enable the following instructions: AVX2 AVX_VNNI FMA, in other operations, rebuild TensorFlow with the appropriate compiler flags.
/home/rishang/.local/lib/python3.10/site-packages/gym/wrappers/monitoring/video_recorder.py:9: DeprecationWarning: The distutils package is deprecated and slated for removal in Python 3.12. Use setuptools or check PEP 632 for potential alternatives
  import distutils.spawn

[config] Using 'Baseline': {'name': 'Baseline', 'learning_rate': 0.0003, 'buffer_size': 1000000, 'batch_size': 256, 'tau': 0.005, 'gamma': 0.99, 'ent_coef': 'auto', 'timesteps': 500000}


  [resume] No checkpoint found — starting from scratch
Using cuda device
Wrapping the env in a DummyVecEnv.

============================================================
  Training SAC — config_1 | 1,000,000 timesteps
  Resume      : False
  Checkpoints : every 50,000 steps → ./models/checkpoints_config_1/
  TensorBoard : tensorboard --logdir logs/
  Best model  : ./models/sac_best_config_1/
============================================================

Logging to logs/sac_goal_config_1/SAC_2
---------------------------------
| rollout/           |          |
|    ep_len_mean     | 63.5     |
|    ep_rew_mean     | -43.7    |
| time/              |          |
|    episodes        | 4        |
|    fps             | 71       |
|    time_elapsed    | 3        |
|    total_timesteps | 254      |
| train/             |          |
|    actor_loss      | -8.37    |
|    critic_loss     | 10.5     |
|    ent_coef        | 0.955    |
|    ent_coef_loss   | -0.461   |
|    learning_rate   | 0.0003   |
|    n_updates       | 153      |
---------------------------------
---------------------------------
| rollout/           |          |
|    ep_len_mean     | 53.6     |
|    ep_rew_mean     | -64      |
| time/              |          |
|    episodes        | 8        |
|    fps             | 60       |
|    time_elapsed    | 7        |
|    total_timesteps | 429      |
| train/             |          |
|    actor_loss      | -9.2     |
|    critic_loss     | 4.31     |
|    ent_coef        | 0.907    |
|    ent_coef_loss   | -0.965   |
|    learning_rate   | 0.0003   |
|    n_updates       | 328      |
---------------------------------
---------------------------------
| rollout/           |          |
|    ep_len_mean     | 88.1     |
|    ep_rew_mean     | -20.5    |
| time/              |          |
|    episodes        | 12       |
|    fps             | 56       |
|    time_elapsed    | 18       |
|    total_timesteps | 1057     |
| train/             |          |
|    actor_loss      | -14.1    |
|    critic_loss     | 0.767    |
|    ent_coef        | 0.752    |
|    ent_coef_loss   | -2.82    |
|    learning_rate   | 0.0003   |
|    n_updates       | 956      |
---------------------------------
---------------------------------
| rollout/           |          |
|    ep_len_mean     | 76.3     |
|    ep_rew_mean     | -24.4    |
| time/              |          |
|    episodes        | 16       |
|    fps             | 56       |
|    time_elapsed    | 21       |
|    total_timesteps | 1221     |
| train/             |          |
|    actor_loss      | -15.2    |
|    critic_loss     | 0.906    |
|    ent_coef        | 0.716    |
|    ent_coef_loss   | -3.27    |
|    learning_rate   | 0.0003   |
|    n_updates       | 1120     |
---------------------------------
---------------------------------
| rollout/           |          |
|    ep_len_mean     | 73.1     |
|    ep_rew_mean     | -23.5    |
| time/              |          |
|    episodes        | 20       |
|    fps             | 56       |
|    time_elapsed    | 25       |
|    total_timesteps | 1462     |
| train/             |          |
|    actor_loss      | -18.1    |
|    critic_loss     | 1.52     |
|    ent_coef        | 0.667    |
|    ent_coef_loss   | -3.85    |
|    learning_rate   | 0.0003   |
|    n_updates       | 1361     |
---------------------------------
---------------------------------
| rollout/           |          |
|    ep_len_mean     | 67.7     |
|    ep_rew_mean     | -25.5    |
| time/              |          |
|    episodes        | 24       |
|    fps             | 56       |
|    time_elapsed    | 28       |
|    total_timesteps | 1624     |
| train/             |          |
|    actor_loss      | -18.4    |
|    critic_loss     | 1.98     |
|    ent_coef        | 0.636    |
|    ent_coef_loss   | -4.37    |
|    learning_rate   | 0.0003   |
|    n_updates       | 1523     |
---------------------------------
---------------------------------
| rollout/           |          |
|    ep_len_mean     | 81.4     |
|    ep_rew_mean     | -19.1    |
| time/              |          |
|    episodes        | 28       |
|    fps             | 56       |
|    time_elapsed    | 40       |
|    total_timesteps | 2278     |
| train/             |          |
|    actor_loss      | -22.8    |
|    critic_loss     | 3.94     |
|    ent_coef        | 0.527    |
|    ent_coef_loss   | -5.53    |
|    learning_rate   | 0.0003   |
|    n_updates       | 2177     |
---------------------------------
---------------------------------
| rollout/           |          |
|    ep_len_mean     | 93.8     |
|    ep_rew_mean     | -2.5     |
| time/              |          |
|    episodes        | 32       |
|    fps             | 48       |
|    time_elapsed    | 61       |
|    total_timesteps | 3001     |
| train/             |          |
|    actor_loss      | -29.1    |
|    critic_loss     | 2.86     |
|    ent_coef        | 0.43     |
|    ent_coef_loss   | -7.15    |
|    learning_rate   | 0.0003   |
|    n_updates       | 2900     |
---------------------------------
---------------------------------
| rollout/           |          |
|    ep_len_mean     | 115      |
|    ep_rew_mean     | 17.9     |
| time/              |          |
|    episodes        | 36       |
|    fps             | 50       |
|    time_elapsed    | 82       |
|    total_timesteps | 4128     |
| train/             |          |
|    actor_loss      | -36.1    |
|    critic_loss     | 5.57     |
|    ent_coef        | 0.317    |
|    ent_coef_loss   | -7.88    |
|    learning_rate   | 0.0003   |
|    n_updates       | 4027     |
---------------------------------
---------------------------------
| rollout/           |          |
|    ep_len_mean     | 153      |
|    ep_rew_mean     | 100      |
| time/              |          |
|    episodes        | 40       |
|    fps             | 49       |
|    time_elapsed    | 124      |
|    total_timesteps | 6128     |
| train/             |          |
|    actor_loss      | -56.5    |
|    critic_loss     | 4.14     |
|    ent_coef        | 0.189    |
|    ent_coef_loss   | -8.9     |
|    learning_rate   | 0.0003   |
|    n_updates       | 6027     |
---------------------------------
---------------------------------
| rollout/           |          |
|    ep_len_mean     | 185      |
|    ep_rew_mean     | 169      |
| time/              |          |
|    episodes        | 44       |
|    fps             | 51       |
|    time_elapsed    | 157      |
|    total_timesteps | 8128     |
| train/             |          |
|    actor_loss      | -69.9    |
|    critic_loss     | 2.88     |
|    ent_coef        | 0.111    |
|    ent_coef_loss   | -8.31    |
|    learning_rate   | 0.0003   |
|    n_updates       | 8027     |
---------------------------------
Eval num_timesteps=10000, episode_reward=906.03 +/- 18.87
Episode length: 500.00 +/- 0.00
---------------------------------
| eval/              |          |
|    mean_ep_length  | 500      |
|    mean_reward     | 906      |
| time/              |          |
|    total_timesteps | 10000    |
| train/             |          |
|    actor_loss      | -81.7    |
|    critic_loss     | 1.96     |
|    ent_coef        | 0.069    |
|    ent_coef_loss   | -9.55    |
|    learning_rate   | 0.0003   |
|    n_updates       | 9899     |
---------------------------------
New best mean reward!
---------------------------------
| rollout/           |          |
|    ep_len_mean     | 211      |
|    ep_rew_mean     | 227      |
| time/              |          |
|    episodes        | 48       |
|    fps             | 51       |
|    time_elapsed    | 194      |
|    total_timesteps | 10128    |
| train/             |          |
|    actor_loss      | -77.6    |
|    critic_loss     | 1.71     |
|    ent_coef        | 0.0668   |
|    ent_coef_loss   | -7.81    |
|    learning_rate   | 0.0003   |
|    n_updates       | 10027    |
---------------------------------
---------------------------------
| rollout/           |          |
|    ep_len_mean     | 228      |
|    ep_rew_mean     | 257      |
| time/              |          |
|    episodes        | 52       |
|    fps             | 52       |
|    time_elapsed    | 223      |
|    total_timesteps | 11830    |
| train/             |          |
|    actor_loss      | -87.8    |
|    critic_loss     | 1.8      |
|    ent_coef        | 0.0441   |
|    ent_coef_loss   | -5.03    |
|    learning_rate   | 0.0003   |
|    n_updates       | 11729    |
---------------------------------
---------------------------------
| rollout/           |          |
|    ep_len_mean     | 222      |
|    ep_rew_mean     | 247      |
| time/              |          |
|    episodes        | 56       |
|    fps             | 52       |
|    time_elapsed    | 234      |
|    total_timesteps | 12436    |
| train/             |          |
|    actor_loss      | -93.1    |
|    critic_loss     | 1.62     |
|    ent_coef        | 0.0381   |
|    ent_coef_loss   | -5.99    |
|    learning_rate   | 0.0003   |
|    n_updates       | 12335    |
---------------------------------
---------------------------------
| rollout/           |          |
|    ep_len_mean     | 228      |
|    ep_rew_mean     | 261      |
| time/              |          |
|    episodes        | 60       |
|    fps             | 52       |
|    time_elapsed    | 263      |
|    total_timesteps | 13702    |
| train/             |          |
|    actor_loss      | -96.3    |
|    critic_loss     | 1.84     |
|    ent_coef        | 0.0293   |
|    ent_coef_loss   | -5.16    |
|    learning_rate   | 0.0003   |
|    n_updates       | 13601    |
---------------------------------
---------------------------------
| rollout/           |          |
|    ep_len_mean     | 243      |
|    ep_rew_mean     | 294      |
| time/              |          |
|    episodes        | 64       |
|    fps             | 52       |
|    time_elapsed    | 293      |
|    total_timesteps | 15540    |
| train/             |          |
|    actor_loss      | -101     |
|    critic_loss     | 1.48     |
|    ent_coef        | 0.0219   |
|    ent_coef_loss   | -0.535   |
|    learning_rate   | 0.0003   |
|    n_updates       | 15439    |
---------------------------------
---------------------------------
| rollout/           |          |
|    ep_len_mean     | 249      |
|    ep_rew_mean     | 304      |
| time/              |          |
|    episodes        | 68       |
|    fps             | 51       |
|    time_elapsed    | 325      |
|    total_timesteps | 16920    |
| train/             |          |
|    actor_loss      | -107     |
|    critic_loss     | 2.01     |
|    ent_coef        | 0.0191   |
|    ent_coef_loss   | -1.71    |
|    learning_rate   | 0.0003   |
|    n_updates       | 16819    |
---------------------------------
---------------------------------
| rollout/           |          |
|    ep_len_mean     | 250      |
|    ep_rew_mean     | 298      |
| time/              |          |
|    episodes        | 72       |
|    fps             | 52       |
|    time_elapsed    | 345      |
|    total_timesteps | 18036    |
| train/             |          |
|    actor_loss      | -108     |
|    critic_loss     | 2.61     |
|    ent_coef        | 0.0176   |
|    ent_coef_loss   | -0.694   |
|    learning_rate   | 0.0003   |
|    n_updates       | 17935    |
---------------------------------
